// Jest Snapshot v1, https://goo.gl/fbAQLP

exports[`Home should not have regressed 1`] = `
<div
  className="page-container"
>
  <div
    id="content"
  >
    <Header />
  </div>
  <Footer />
</div>
`;
