// Jest Snapshot v1, https://goo.gl/fbAQLP

exports[`Not Found should not have regressed 1`] = `
<Fragment>
  <Header />
  <div
    className="not_found__container"
  >
    <h1
      data-testid="404-text"
    >
      404 - Not Found
    </h1>
    <p>
      Sorry, the page you are looking for does not exist.
    </p>
    <p>
      You can always go back to the
      <Link
        to="/"
      >
        homepage
      </Link>
    </p>
  </div>
  <Footer />
</Fragment>
`;
